rpuliendran@pw1etsquas030av MINGW64 ~/git/web/apps/eo-bdd ((0265f26645...))
$ git remote -v
origin  ssh://pw1appdvop01.ibddomain.net:22/AdvisorGroup/Applications/_git/web (fetch)
origin  ssh://pw1appdvop01.ibddomain.net:22/AdvisorGroup/Applications/_git/web (push) 

rpuliendran@pw1etsquas030av MINGW64 ~/git/web/apps/eo-bdd ((0265f26645...))
$ git fetch origin
remote: Azure Repos
remote: Found 71 objects to send. (293 ms)
Unpacking objects: 100% (71/71), 91.62 KiB | 75.00 KiB/s, done.
From ssh://pw1appdvop01.ibddomain.net:22/AdvisorGroup/Applications/_git/web
   ecabe90c52..687dfcd3e0  master     -> origin/master

rpuliendran@pw1etsquas030av MINGW64 ~/git/web/apps/eo-bdd ((0265f26645...))
$ gi pull origin master
bash: gi: command not found

rpuliendran@pw1etsquas030av MINGW64 ~/git/web/apps/eo-bdd ((0265f26645...))
$ git pull origin master
From ssh://pw1appdvop01.ibddomain.net:22/AdvisorGroup/Applications/_git/web
 * branch                  master     -> FETCH_HEAD
error: Your local changes to the following files would be overwritten by merge:
        apps/dashboard-bdd/New_configuration (1).launch
Please commit your changes or stash them before you merge.
Aborting
Updating files: 100% (544/544), done.
Merge with strategy ort failed.

rpuliendran@pw1etsquas030av MINGW64 ~/git/web/apps/eo-bdd ((0265f26645...))
$ git add .

rpuliendran@pw1etsquas030av MINGW64 ~/git/web/apps/eo-bdd ((0265f26645...))
$ git commit -m "Crm Prospect Creation"
[detached HEAD b850c71f21] Crm Prospect Creation
 Committer: Puliendran <rajasekar.puliendran@osaic.com>
Your name and email address were configured automatically based
on your username and hostname. Please check that they are accurate.
You can suppress this message by setting them explicitly. Run the
following command and follow the instructions in your editor to edit
your configuration file:

    git config --global --edit

After doing this, you may fix the identity used for this commit with:

    git commit --amend --reset-author

 1 file changed, 938 deletions(-)

rpuliendran@pw1etsquas030av MINGW64 ~/git/web/apps/eo-bdd ((b850c71f21...))
$ git pull origin master
From ssh://pw1appdvop01.ibddomain.net:22/AdvisorGroup/Applications/_git/web
 * branch                  master     -> FETCH_HEAD
error: Your local changes to the following files would be overwritten by merge:
        apps/dashboard-bdd/New_configuration (1).launch
Please commit your changes or stash them before you merge.
Aborting
Updating files: 100% (543/543), done.
Merge with strategy ort failed.

rpuliendran@pw1etsquas030av MINGW64 ~/git/web/apps/eo-bdd ((b850c71f21...))
$ cls
bash: cls: command not found

rpuliendran@pw1etsquas030av MINGW64 ~/git/web/apps/eo-bdd ((6aa9f072ac...))
$ git pull origin master
From ssh://pw1appdvop01.ibddomain.net:22/AdvisorGroup/Applications/_git/web
 * branch                  master     -> FETCH_HEAD
error: Your local changes to the following files would be overwritten by merge:
        apps/dashboard-bdd/New_configuration (1).launch
Please commit your changes or stash them before you merge.
Aborting
Updating files: 100% (543/543), done.
Merge with strategy ort failed.
